2025-10-20 09:37:51.076 | SYSTEM   | core:on_ready:165 - ------- STARTUP INITIATED ----------------
2025-10-20 09:37:51.078 | SYSTEM   | core:on_ready:168 - ------- FETCHING DATA --------------------
2025-10-20 09:37:51.379 | SUCCESS  | classes.data_manager:connect_to_db:70 - Database connection established
2025-10-20 09:37:51.425 | DEBUG    | classes.data_manager:update_cache:269 - 'access_roles' cache updated from database
2025-10-20 09:37:51.469 | DEBUG    | classes.data_manager:update_cache:274 - 'monitored_channels' cache updated from database
2025-10-20 09:37:51.945 | SUCCESS  | classes.data_manager:connect_to_redis:217 - Redis cache connection established
2025-10-20 09:37:51.946 | CRITICAL | core:_quit:161 - ------- STARTUP FAILED: module 'utils.logger' has no attribute 'error' -------
2025-10-20 09:37:51.947 | SYSTEM   | core:close:202 - ------- SHUTTING DOWN --------------------
2025-10-20 09:41:58.779 | SYSTEM   | core:on_ready:165 - ------- STARTUP INITIATED ----------------
2025-10-20 09:41:58.779 | SYSTEM   | core:on_ready:168 - ------- FETCHING DATA --------------------
2025-10-20 09:41:59.126 | SUCCESS  | classes.data_manager:connect_to_db:70 - Database connection established
2025-10-20 09:41:59.166 | DEBUG    | classes.data_manager:update_cache:269 - 'access_roles' cache updated from database
2025-10-20 09:41:59.211 | DEBUG    | classes.data_manager:update_cache:274 - 'monitored_channels' cache updated from database
2025-10-20 09:41:59.636 | SUCCESS  | classes.data_manager:connect_to_redis:217 - Redis cache connection established
2025-10-20 09:41:59.636 | SUCCESS  | classes.ticket_processor:start_worker:27 - Ticket queue worker started
2025-10-20 09:41:59.637 | SUCCESS  | classes.channel_status:start_worker:28 - Workers started
2025-10-20 09:41:59.637 | SYSTEM   | core:on_ready:171 - ------- LOADING COGS ---------------------
2025-10-20 09:41:59.643 | SUCCESS  | core:_load_cogs:155 - Loaded cog: tickets.py
2025-10-20 09:41:59.645 | SUCCESS  | core:_load_cogs:155 - Loaded cog: public.py
2025-10-20 09:41:59.783 | SUCCESS  | core:_load_cogs:155 - Loaded cog: config.py
2025-10-20 09:41:59.784 | SUCCESS  | core:_load_cogs:155 - Loaded cog: util.py
2025-10-20 09:41:59.784 | SUCCESS  | core:_load_cogs:155 - Loaded cog: events.py
2025-10-20 09:41:59.869 | SUCCESS  | core:_load_cogs:155 - Loaded cog: snips.py
2025-10-20 09:41:59.883 | SUCCESS  | core:_load_cogs:155 - Loaded cog: moderation.py
2025-10-20 09:41:59.884 | SUCCESS  | core:_load_cogs:155 - Loaded cog: admin.py
2025-10-20 09:42:00.035 | SUCCESS  | core:_load_cogs:155 - Loaded cog: stats.py
2025-10-20 09:42:00.044 | SUCCESS  | core:_load_cogs:155 - Loaded cog: analytics.py
2025-10-20 09:42:00.045 | SUCCESS  | core:_load_cogs:155 - Loaded cog: profiles.py
2025-10-20 09:42:00.045 | SYSTEM   | core:on_ready:178 - ------- ADDING PERSISTENT VIEWS ----------
2025-10-20 09:42:00.045 | SYSTEM   | core:on_ready:182 - ------- STARTUP COMPLETE -----------------
2025-10-20 09:42:00.045 | SYSTEM   | core:on_ready:189 - MailBee is ready! Logged in as Tickets#7316
2025-10-20 09:42:54.458 | ERROR    | cogs.tickets:close:778 - 'MailBee' object has no attribute 'helper'
Traceback (most recent call last):

  File "/Users/lucin/Desktop/Git/MailBee/main.py", line 180, in <module>
    bot.run(bot_token)
    │   │   └ 'MTMzMzk1NDQ2NzUxOTAwNDY3Mw.GdamFf.rnW0fR9ijuUgdTUOrm2vdmsuUo-arR929OYeyI'
    │   └ <function Client.run at 0x1043c8e00>
    └ <core.MailBee object at 0x10247f950>

  File "/Users/lucin/Desktop/Git/MailBee/venv/lib/python3.11/site-packages/discord/client.py", line 929, in run
    asyncio.run(runner())
    │       │   └ <function Client.run.<locals>.runner at 0x105f00900>
    │       └ <function run at 0x102a18900>
    └ <module 'asyncio' from '/Library/Frameworks/Python.framework/Versions/3.11/lib/python3.11/asyncio/__init__.py'>
  File "/Library/Frameworks/Python.framework/Versions/3.11/lib/python3.11/asyncio/runners.py", line 190, in run
    return runner.run(main)
           │      │   └ <coroutine object Client.run.<locals>.runner at 0x105ea5c60>
           │      └ <function Runner.run at 0x102a4dc60>
           └ <asyncio.runners.Runner object at 0x105f04790>
  File "/Library/Frameworks/Python.framework/Versions/3.11/lib/python3.11/asyncio/runners.py", line 118, in run
    return self._loop.run_until_complete(task)
           │    │     │                  └ <Task pending name='Task-1' coro=<Client.run.<locals>.runner() running at /Users/lucin/Desktop/Git/MailBee/venv/lib/python3.1...
           │    │     └ <function BaseEventLoop.run_until_complete at 0x102a3f7e0>
           │    └ <_UnixSelectorEventLoop running=True closed=False debug=False>
           └ <asyncio.runners.Runner object at 0x105f04790>
  File "/Library/Frameworks/Python.framework/Versions/3.11/lib/python3.11/asyncio/base_events.py", line 641, in run_until_complete
    self.run_forever()
    │    └ <function BaseEventLoop.run_forever at 0x102a3f740>
    └ <_UnixSelectorEventLoop running=True closed=False debug=False>
  File "/Library/Frameworks/Python.framework/Versions/3.11/lib/python3.11/asyncio/base_events.py", line 608, in run_forever
    self._run_once()
    │    └ <function BaseEventLoop._run_once at 0x102a4d580>
    └ <_UnixSelectorEventLoop running=True closed=False debug=False>
  File "/Library/Frameworks/Python.framework/Versions/3.11/lib/python3.11/asyncio/base_events.py", line 1936, in _run_once
    handle._run()
    │      └ <function Handle._run at 0x102915da0>
    └ <Handle <TaskStepMethWrapper object at 0x105f1aaa0>()>
  File "/Library/Frameworks/Python.framework/Versions/3.11/lib/python3.11/asyncio/events.py", line 84, in _run
    self._context.run(self._callback, *self._args)
    │    │            │    │           │    └ <member '_args' of 'Handle' objects>
    │    │            │    │           └ <Handle <TaskStepMethWrapper object at 0x105f1aaa0>()>
    │    │            │    └ <member '_callback' of 'Handle' objects>
    │    │            └ <Handle <TaskStepMethWrapper object at 0x105f1aaa0>()>
    │    └ <member '_context' of 'Handle' objects>
    └ <Handle <TaskStepMethWrapper object at 0x105f1aaa0>()>
  File "/Users/lucin/Desktop/Git/MailBee/venv/lib/python3.11/site-packages/discord/client.py", line 504, in _run_event
    await coro(*args, **kwargs)
          │     │       └ {}
          │     └ (<Message id=1429827221140275213 channel=<TextChannel id=1425031486305730601 name='luciniv' position=22 nsfw=False news=False...
          └ <bound method BotBase.on_message of <core.MailBee object at 0x10247f950>>
  File "/Users/lucin/Desktop/Git/MailBee/venv/lib/python3.11/site-packages/discord/ext/commands/bot.py", line 1421, in on_message
    await self.process_commands(message)
          │    │                └ <Message id=1429827221140275213 channel=<TextChannel id=1425031486305730601 name='luciniv' position=22 nsfw=False news=False ...
          │    └ <function BotBase.process_commands at 0x1044bc860>
          └ <core.MailBee object at 0x10247f950>
  File "/Users/lucin/Desktop/Git/MailBee/venv/lib/python3.11/site-packages/discord/ext/commands/bot.py", line 1418, in process_commands
    await self.invoke(ctx)  # type: ignore
          │    │      └ <discord.ext.commands.context.Context object at 0x105f31310>
          │    └ <function BotBase.invoke at 0x1044bc7c0>
          └ <core.MailBee object at 0x10247f950>
  File "/Users/lucin/Desktop/Git/MailBee/venv/lib/python3.11/site-packages/discord/ext/commands/bot.py", line 1376, in invoke
    await ctx.command.invoke(ctx)
          │   │       │      └ <discord.ext.commands.context.Context object at 0x105f31310>
          │   │       └ <function Command.invoke at 0x1044867a0>
          │   └ <discord.ext.commands.core.Command object at 0x105f60e50>
          └ <discord.ext.commands.context.Context object at 0x105f31310>
  File "/Users/lucin/Desktop/Git/MailBee/venv/lib/python3.11/site-packages/discord/ext/commands/core.py", line 1064, in invoke
    await injected(*ctx.args, **ctx.kwargs)  # type: ignore
          │         │   │       │   └ {'reason': 'No reason provided'}
          │         │   │       └ <discord.ext.commands.context.Context object at 0x105f31310>
          │         │   └ [<cogs.tickets.Tickets object at 0x105f4a710>, <discord.ext.commands.context.Context object at 0x105f31310>]
          │         └ <discord.ext.commands.context.Context object at 0x105f31310>
          └ <function Tickets.close at 0x105f9e980>
  File "/Users/lucin/Desktop/Git/MailBee/venv/lib/python3.11/site-packages/discord/ext/commands/core.py", line 266, in wrapped
    ret = await coro(*args, **kwargs)
                │     │       └ {'reason': 'No reason provided'}
                │     └ (<cogs.tickets.Tickets object at 0x105f4a710>, <discord.ext.commands.context.Context object at 0x105f31310>)
                └ <function Tickets.close at 0x105f42020>

> File "/Users/lucin/Desktop/Git/MailBee/cogs/tickets.py", line 758, in close
    text = await self.bot.helper.convert_mentions(reason, guild)
                 │    │                           │       └ <Guild id=1334213483469869139 name='MailBee Testing' shard_id=0 chunked=False member_count=14>
                 │    │                           └ 'No reason provided'
                 │    └ <core.MailBee object at 0x10247f950>
                 └ <cogs.tickets.Tickets object at 0x105f4a710>

AttributeError: 'MailBee' object has no attribute 'helper'
2025-10-20 09:42:54.467 | ERROR    | __main__:on_command_error:105 - ❌ General command error: /close sent an error: 'MailBee' object has no attribute 'helper'
NoneType: None
2025-10-20 09:47:36.577 | SYSTEM   | core:close:202 - ------- SHUTTING DOWN --------------------
2025-10-20 09:47:36.578 | SUCCESS  | classes.ticket_processor:stop_worker:34 - Ticket queue worker shut down
2025-10-20 09:47:36.578 | SUCCESS  | classes.channel_status:stop_worker:37 - Channel workers shut down
2025-10-20 09:47:36.579 | SUCCESS  | classes.data_manager:close_db:83 - Database connection pool closed
2025-10-20 09:47:36.619 | SUCCESS  | classes.data_manager:close_redis:227 - Redis cache connection closed
